[backblue.gif]
[fade.gif]
[index.html]
[www.reddit.com/r/neography/comments/818364/creating_fonts_with_inkscape_and_fontforge_table/index.html]
[www.reddit.com/r/neography/comments/818364/creating_fonts_with_inkscape_and_fontforge_table/index0ca0.html]
[www.redditstatic.com/shreddit/assets/favicon/64x64.png]
[www.redditstatic.com/index.html]
[www.redditstatic.com/shreddit/assets/favicon/128x128.png]
[www.redditstatic.com/shreddit/assets/favicon/192x192.png]
[www.redditstatic.com/shreddit/assets/favicon/76x76.png]
[www.redditstatic.com/shreddit/assets/favicon/120x120.png]
[www.redditstatic.com/shreddit/assets/favicon/152x152.png]
[www.redditstatic.com/shreddit/assets/favicon/180x180.png]
[www.redditstatic.com/shreddit/assets/favicon/manifest.json]
[www.reddit.com/svc/shreddit/comments/neography/t3_81836477e3]
[www.reddit.com/r/neography/comments/818364/creating_fonts_with_inkscape_and_fontforge_table/index0ca0.html]
[www.redditstatic.com/index.html]
[www.reddit.com/svc/shreddit/pdp-right-rail/related/neography/t3_818364ca58]
[www.reddit.com/svc/shreddit/comments/neography/t3_81836477e3]
[www.redditstatic.com/shreddit/assets/favicon/192x192.png]
[www.redditstatic.com/shreddit/assets/favicon/152x152.png]
[www.redditstatic.com/shreddit/assets/favicon/180x180.png]
[www.redditstatic.com/shreddit/assets/favicon/manifest.json]
[www.reddit.com/svc/shreddit/pdp-right-rail/related/neography/t3_818364ca58]
